// Jest Snapshot v1, https://goo.gl/fbAQLP

exports[`Bio renders correctly 1`] = `
<div
  className="main-body is-preload"
>
  <div
    id="wrapper"
  >
    <header
      id="header"
    >
      <div
        className="inner"
      >
        <a
          href="/"
        >
          <span
            className="logo"
          >
            Q
          </span>
        </a>
        <a
          href="/bio"
        >
          <span>
            Bio
          </span>
        </a>
        <a
          href="/articles"
        >
          <span>
            Articles
          </span>
        </a>
        <nav>
          <ul>
            <li>
              <a
                href="#menu"
                onClick={[Function]}
              >
                Menu
              </a>
            </li>
          </ul>
        </nav>
      </div>
    </header>
    <div
      className=" "
    >
      <nav
        id="menu"
      >
        <div
          className="inner"
        >
          <h2>
            Menu
          </h2>
          <ul>
            <li>
              <a
                href="/"
              >
                Home
              </a>
            </li>
            <li>
              <a
                href="/bio"
              >
                Bio
              </a>
            </li>
            <li>
              <a
                href="/articles"
              >
                Articles
              </a>
            </li>
          </ul>
        </div>
        <a
          className="close"
          href="#menu"
          onClick={[Function]}
        >
          Close
        </a>
      </nav>
    </div>
    <div
      id="main"
    >
      <header>
        <h1>
          About Me
        </h1>
      </header>
      <div
        className="inner"
      >
        <span
          className="image left"
        >
          <img
            alt=""
            src="test-file-stub"
          />
        </span>
        <p>
          Hi! I’m Vanessa M. Quirk, a podcaster and editor who spends much of my days writing and speaking about cities’ past, present, and future.
        </p>
        <p>
          You may have heard me as the co-host on a few podcasts: 
          <a
            href="https://sidewalklabs.com/podcast/"
          >
            City of the Future
          </a>
          , where fellow cities journalist 
          <a
            href="http://www.eric-jaffe.com/home"
          >
            Eric Jaffe
          </a>
           and I explore the ideas and innovations that will transform cities; the 
          <a
            href="https://sidewalklabs.com/podcast/"
          >
            Sidewalk Weekly
          </a>
          , where Eric and I cover the week’s top stories in urban tech; 
          <a
            href="https://uncertain.substack.com/"
          >
            Uncertain Things
          </a>
          , where me and my journalist roommate Adaam James Levin-Areddy talk to the thinkers who are navigating us through this current, chaotic moment; and Urban Roots (coming soon), where me and historic preservationist Deqah Hussein-Wetzel tell the untold stories of remarkable people and places in urban history.
        </p>
        <p>
          Born in Spain to a Northern Irish father and a Peruvian mother, I begrudgingly grew up on Long Island, pursued English literature and Music at the George Washington University in Washington D.C. and Oxford University in the U.K., left the northern hemisphere to pasarlo chancho in Chile, and then moved back to New York in 2014 to pursue a journalism degree from Columbia University. I currently call Queens home. And when I’m not making podcasts, I’m probably 
          <a
            href="https://open.spotify.com/artist/6OnAWkxQOpWTzuootGcVSX"
          >
            making music
          </a>
          , failing to learn the ukulele, or daydreaming about adopting a corgi.
        </p>
      </div>
    </div>
    <footer
      id="footer"
    >
      <div
        className="inner"
      >
        <section>
          <h2>
            Get in touch
          </h2>
          <ul
            className="icons"
          >
            <li>
              <a
                className="icon fa-2x fa-envelope"
                href="https://mailhide.io/e/vhKaL"
                rel="noopener noreferrer"
                target="_blank"
              >
                <span
                  className="label"
                >
                  Email
                </span>
              </a>
            </li>
            <li>
              <a
                className="icon fa-2x fa-twitter"
                href="https://twitter.com/vmquirk"
                rel="noopener noreferrer"
                target="_blank"
              >
                <span
                  className="label"
                >
                  Twitter
                </span>
              </a>
            </li>
            <li>
              <a
                className="icon fa-2x fa-linkedin"
                href="https://www.linkedin.com/in/vmquirk/"
                rel="noopener noreferrer"
                target="_blank"
              >
                <span
                  className="label"
                >
                  LinkedIn
                </span>
              </a>
            </li>
          </ul>
        </section>
      </div>
    </footer>
  </div>
</div>
`;
