// Jest Snapshot v1, https://goo.gl/fbAQLP

exports[`Footer renders correctly 1`] = `
<footer
  id="footer"
>
  <div
    className="inner"
  >
    <section>
      <h2>
        Get in touch
      </h2>
      <ul
        className="icons"
      >
        <li>
          <a
            className="icon fa-2x icon-1"
            href="https://foo.com"
            rel="noopener noreferrer"
            target="_blank"
          >
            <span
              className="label"
            >
              Link 1
            </span>
          </a>
        </li>
        <li>
          <a
            className="icon fa-2x icon-2"
            href="https://bar.com"
            rel="noopener noreferrer"
            target="_blank"
          >
            <span
              className="label"
            >
              Link 2
            </span>
          </a>
        </li>
      </ul>
    </section>
  </div>
</footer>
`;
